// Jest Snapshot v1, https://goo.gl/fbAQLP

exports[`<PodcastEpisode /> component should render a podcast episode 1`] = `
<div
  class="crayons-podcast-episode"
>
  <a
    class="crayons-podcast-episode__cover"
    href="/monitor-recontextualize/undefined"
  >
    <img
      alt="monitor recontextualize"
      src="/images/16.png"
    />
  </a>
  <div>
    <p
      class="crayons-podcast-episode__author"
    >
      Rubber local
    </p>
    <h2
      class="crayons-podcast-episode__title crayons-story__title mb-0"
    >
      <a
        href="/monitor-recontextualize/undefined"
      >
        monitor recontextualize
      </a>
    </h2>
  </div>
</div>
`;
