// Jest Snapshot v1, https://goo.gl/fbAQLP

exports[`<SidebarUser /> renders properly 1`] = `
<div
  class="widget-list-item__suggestions"
>
  <a
    class="widget-list-item__avatar"
    href="/undefined"
  >
    <img
      class="widget-list-item__profile-pic"
    />
  </a>
  <div
    class="widget-list-item__content"
  >
    <h5>
      <a
        href="/undefined"
      />
    </h5>
    <button
      class="widget-list-item__follow-button"
      id="widget-list-item__follow-button-undefined"
      onClick={[Function]}
      type="button"
    >
      + FOLLOW
    </button>
  </div>
</div>
`;
