// Jest Snapshot v1, https://goo.gl/fbAQLP

exports[`<ButtonGroup /> component should render 1`] = `"<div role=\\"group\\" aria-label=\\"Test button group\\" class=\\"crayons-btn-group\\"><button type=\\"button\\" class=\\"crayons-btn\\">Hello World!</button><button type=\\"button\\" class=\\"crayons-btn\\"></button></div>"`;
