// Jest Snapshot v1, https://goo.gl/fbAQLP

exports[`<ButtonGroup /> component should render 1`] = `
<div>
  <div
    class="crayons-btn-group"
  >
    <button
      class="crayons-btn"
      type="button"
    >
      Hello World!
    </button>
    <button
      class="crayons-btn"
      type="button"
    />
  </div>
</div>
`;
