// Jest Snapshot v1, https://goo.gl/fbAQLP

exports[`<SearchForm /> renders properly when given search functions and a search term 1`] = `
<form
  acceptCharset="UTF-8"
  action="/search"
  method="get"
  onSubmit={[MockFunction]}
>
  <input
    name="utf8"
    type="hidden"
    value="✓"
  />
  <input
    aria-label="search"
    autoComplete="off"
    class="top-bar--search-input"
    id="nav-search"
    name="q"
    onKeyDown={[MockFunction]}
    placeholder="Search"
    type="text"
    value="hello"
  />
</form>
`;
