// Jest Snapshot v1, https://goo.gl/fbAQLP

exports[`<SearchForm /> renders properly when given search functions and a search term 1`] = `
<undefined
  onSubmitSearch={[Function mockConstructor]}
  onSearch={[Function mockConstructor]}
  searchTerm="hello"
  searchBoxId="nav-search"
>
</undefined>
`;
