// Jest Snapshot v1, https://goo.gl/fbAQLP

exports[`<SearchForm /> renders properly when given search functions and a search term 1`] = `
VNode {
  "attributes": Object {
    "onSearch": [MockFunction],
    "onSubmitSearch": [MockFunction],
    "searchBoxId": "nav-search",
    "searchTerm": "hello",
  },
  "children": Array [],
  "key": undefined,
  "nodeName": undefined,
}
`;
