// Jest Snapshot v1, https://goo.gl/fbAQLP

exports[`<OnboardingWelcome /> renders correctly 1`] = `
<div>
  <p>
    Hi there, I'm Sloan. It's nice to meet you!
  </p>
  <p>
    Welcome to the community. It's a place to talk shop and keep up with other devs.
  </p>
  <p>
    Share more, learn more, write better code; I think you'll like it here. 🐨
  </p>
  <p>
    <strong
      class="yellow"
    >
      Let's get started.
    </strong>
  </p>
</div>
`;
