// Jest Snapshot v1, https://goo.gl/fbAQLP

exports[`<OnboardingWelcome /> renders correctly 1`] = `
<div
  class="onboarding-initial-welcome"
>
  <p>
    Thank you for joining the DEV Community.
  </p>
  <p>
    Keep up with the people and software trends you care about. ❤️
  </p>
  <p>
    <em>
      <strong
        class="green"
      >
        Let's get started!
      </strong>
    </em>
  </p>
</div>
`;
