// Jest Snapshot v1, https://goo.gl/fbAQLP

exports[`<OnboardingFollowTags /> renders properly when given a tag 1`] = `
<div
  class="tags-slide"
>
  <div
    class="onboarding-user-cta"
  >
    Personalize your home feed
  </div>
  <div
    class="tags-col-container"
  >
    <div
      class="onboarding-tag-container"
      id="onboarding-tag-container-discuss"
      style="background: "
    >
      <a
        class="onboarding-tag-link"
        href="#0"
        onClick={[Function]}
        style="color:"
      >
        #discuss
      </a>
      <a
        class="onboarding-tag-link-follow"
        href="#0"
        id="onboarding-tag-link-follow-discuss"
        onClick={[Function]}
        style="color:"
      >
        +
      </a>
    </div>
    <div
      class="onboarding-tag-container"
      id="onboarding-tag-container-javascript"
      style="background: "
    >
      <a
        class="onboarding-tag-link"
        href="#0"
        onClick={[Function]}
        style="color:"
      >
        #javascript
      </a>
      <a
        class="onboarding-tag-link-follow"
        href="#0"
        id="onboarding-tag-link-follow-javascript"
        onClick={[Function]}
        style="color:"
      >
        +
      </a>
    </div>
    <div
      class="onboarding-tag-container"
      id="onboarding-tag-container-javascript"
      style="background: "
    >
      <a
        class="onboarding-tag-link"
        href="#0"
        onClick={[Function]}
        style="color:"
      >
        #javascript
      </a>
      <a
        class="onboarding-tag-link-follow"
        href="#0"
        id="onboarding-tag-link-follow-javascript"
        onClick={[Function]}
        style="color:"
      >
        +
      </a>
    </div>
  </div>
</div>
`;
