// Jest Snapshot v1, https://goo.gl/fbAQLP

exports[`<Help /> renders properly 1`] = `
<div
  class="crayons-article-form__aside"
>
  <div
    class="sticky"
    style={
      Object {
        "top": "56px",
      }
    }
  >
    <div
      class="spec__basic-editor-help crayons-card crayons-card--secondary p-4 mb-6"
    >
      You are currently using the basic markdown editor that uses 
      <a
        href="#frontmatter"
        onClick={[Function]}
      >
        Jekyll front matter
      </a>
      . You can also use the 
      <em>
        rich+markdown
      </em>
       editor you can find in 
      <a
        href="/settings/ux"
      >
        UX settings
        <svg
          aria-labelledby="c038a36b2512ed25db907e179ab45cfc"
          class="crayons-icon"
          height="24"
          role="img"
          viewBox="0 0 24 24"
          width="24"
          xmlns="http://www.w3.org/2000/svg"
        >
          <title
            id="c038a36b2512ed25db907e179ab45cfc"
          >
            Open UX settings
          </title>
          <path
            d="M10.667 8v1.333H7.333v7.334h7.334v-3.334H16v4a.666.666 0 01-.667.667H6.667A.666.666 0 016 17.333V8.667A.667.667 0 016.667 8h4zM18 6v5.333h-1.333V8.275l-5.196 5.196-.942-.942 5.194-5.196h-3.056V6H18z"
          />
        </svg>
      </a>
      .
    </div>
    <div
      class="spec__format-help crayons-article-form__help crayons-article-form__help--body"
    >
      <h4
        class="mb-2 fs-l"
      >
        Editor Basics
      </h4>
      <ul
        class="list-disc pl-6 color-base-70"
      >
        <li>
          Use 
          <a
            href="#markdown"
            onClick={[Function]}
          >
            Markdown
          </a>
           to write and format posts.
        </li>
        <li>
          You can use 
          <a
            href="#liquid"
            onClick={[Function]}
          >
            Liquid tags
          </a>
           to add rich content such as Tweets, YouTube videos, etc.
        </li>
      </ul>
    </div>
  </div>
</div>
`;
