// Jest Snapshot v1, https://goo.gl/fbAQLP

exports[`<Tabs /> renders properly 1`] = `
<div
  class="crayons-article-form__tabs crayons-tabs ml-auto"
>
  <button
    class="crayons-tabs__item crayons-tabs__item--current"
    onClick={false}
    type="button"
  >
    Edit
  </button>
  <button
    class="crayons-tabs__item false"
    onClick={null}
    type="button"
  >
    Preview
  </button>
</div>
`;
