// Jest Snapshot v1, https://goo.gl/fbAQLP

exports[`<Title /> renders properly 1`] = `
<div
  class="crayons-article-form__title"
>
  <textarea
    autoComplete="off"
    autofocus="true"
    class="crayons-textfield crayons-textfield--ghost fs-3xl s:fs-4xl l:fs-5xl fw-bold s:fw-heavy lh-tight"
    id="article-form-title"
    onChange={[Function]}
    onFocus={null}
    onInput={null}
    onKeyDown={[Function]}
    placeholder="New post title here..."
    ref={[Function]}
    style={
      Object {
        "height": 0,
      }
    }
    type="text"
    value="Test title"
  />
</div>
`;
