// Jest Snapshot v1, https://goo.gl/fbAQLP

exports[`<Errors /> renders properly 1`] = `
<div
  class="articleform__errors"
>
  <h2>
    <span
      aria-label="face screaming in fear"
      role="img"
    >
      😱
    </span>
      Heads up:
  </h2>
  <ul>
    <li>
      0:  Error 1
    </li>
    <li>
      1:  Error 2
    </li>
  </ul>
</div>
`;
