// Jest Snapshot v1, https://goo.gl/fbAQLP

exports[`<Tags /> only allows 4 tags 1`] = `
Object {
  "additionalTags": Array [],
  "cursorIdx": 0,
  "prevLen": 0,
  "searchResults": Array [],
  "selectedIndex": -1,
  "showingRulesForTag": null,
}
`;

exports[`<Tags /> renders properly 1`] = `
<div
  class="articleform__tagswrapper"
>
  <input
    autoComplete="off"
    class="articleform__tags"
    id="tag-input"
    onBlur={[Function]}
    onFocus={[Function]}
    onInput={[Function]}
    onKeyDown={[Function]}
    placeholder="4 tags max, comma separated, no spaces or special characters"
    ref={[Function]}
    type="text"
    value=""
  />
</div>
`;

exports[`<Tags /> replaces tag when editing 1`] = `
Object {
  "additionalTags": Array [],
  "cursorIdx": 0,
  "prevLen": 0,
  "searchResults": Array [],
  "selectedIndex": -1,
  "showingRulesForTag": null,
}
`;

exports[`<Tags /> selects tag when you click on it 1`] = `
Object {
  "additionalTags": Array [],
  "cursorIdx": 0,
  "prevLen": 0,
  "searchResults": Array [],
  "selectedIndex": -1,
  "showingRulesForTag": null,
}
`;

exports[`<Tags /> shows tags as you search 1`] = `
Object {
  "additionalTags": Array [],
  "cursorIdx": 2,
  "prevLen": 0,
  "searchResults": Array [
    Object {
      "hotness_score": 0,
      "name": "git",
      "short_summary": null,
      "supported": true,
    },
  ],
  "selectedIndex": 0,
  "showingRulesForTag": null,
}
`;

exports[`<Tags /> shows tags when editing 1`] = `
Object {
  "additionalTags": Array [],
  "cursorIdx": 2,
  "prevLen": 0,
  "searchResults": Array [
    Object {
      "hotness_score": 0,
      "name": "git",
      "short_summary": null,
      "supported": true,
    },
  ],
  "selectedIndex": 0,
  "showingRulesForTag": null,
}
`;

exports[`<Tags /> skips the click handler if className is articleform__tagsoptionrulesbutton 1`] = `
Object {
  "additionalTags": Array [],
  "cursorIdx": 0,
  "prevLen": 0,
  "searchResults": Array [],
  "selectedIndex": -1,
  "showingRulesForTag": null,
}
`;
