// Jest Snapshot v1, https://goo.gl/fbAQLP

exports[`<ArticleForm /> renders properly 1`] = `
<form
  class="crayons-article-form"
  id="article-form"
  onInput={[Function]}
>
  <div
    class="crayons-article-form__header"
  >
    <a
      aria-label="Home"
      class="crayons-article-form__logo"
      dangerouslySetInnerHTML={
        Object {
          "__html": "PLACEHOLDER",
        }
      }
      href="/"
    />
    <div
      class="crayons-field__label flex items-center flex-1"
    >
      <span
        class="hidden s:inline-block mr-2 whitespace-nowrap"
      >
        Write a new post
      </span>
    </div>
    <div
      class="crayons-article-form__tabs crayons-tabs ml-auto"
    >
      <button
        class="crayons-tabs__item crayons-tabs__item--current"
        onClick={false}
        type="button"
      >
        Edit
      </button>
      <button
        class="crayons-tabs__item false"
        onClick={[Function]}
        type="button"
      >
        Preview
      </button>
    </div>
    <div
      class="crayons-article-form__close"
    >
      <a
        class="crayons-btn crayons-btn--ghost crayons-btn--icon"
        href="/"
        title="Close the editor"
      >
        <svg
          aria-labelledby="as1mn15llu5e032u2pgzlc6yhvss2myk"
          class="crayons-icon"
          height="24"
          role="img"
          viewBox="0 0 24 24"
          width="24"
          xmlns="http://www.w3.org/2000/svg"
        >
          <title
            id="as1mn15llu5e032u2pgzlc6yhvss2myk"
          >
            Close the editor
          </title>
          <path
            d="M12 10.586l4.95-4.95 1.414 1.414-4.95 4.95 4.95 4.95-1.414 1.414-4.95-4.95-4.95 4.95-1.414-1.414 4.95-4.95-4.95-4.95L7.05 5.636l4.95 4.95z"
          />
        </svg>
      </a>
    </div>
  </div>
  <div
    class="crayons-article-form__content crayons-card"
  >
    <div>
      <div
        class="crayons-article-form__cover"
        role="presentation"
      >
        <div
          class="flex items-center"
        >
          <button
            class="crayons-btn crayons-btn--outlined mr-2 whitespace-nowrap"
            disabled={false}
            type="button"
          >
            <label
              htmlFor="cover-image-input"
            >
              Add a cover image
            </label>
            <input
              accept="image/*"
              class="w-100 h-100 absolute left-0 right-0 top-0 bottom-0 overflow-hidden opacity-0 cursor-pointer"
              data-max-file-size-mb="25"
              id="cover-image-input"
              onChange={[Function]}
              type="file"
            />
          </button>
        </div>
      </div>
      <div
        class="crayons-article-form__title"
      >
        <textarea
          autoComplete="off"
          autofocus="true"
          class="crayons-textfield crayons-textfield--ghost fs-3xl s:fs-4xl l:fs-5xl fw-bold s:fw-heavy lh-tight"
          id="article-form-title"
          onChange={[Function]}
          onFocus={[Function]}
          onInput={[Function]}
          onKeyDown={[Function]}
          placeholder="New post title here..."
          ref={[Function]}
          style={
            Object {
              "height": 0,
            }
          }
          type="text"
          value=""
        />
      </div>
      <div
        class="crayons-article-form__tagsfield"
      >
        <div
          class="crayons-article-form__tagswrapper"
        >
          <input
            autoComplete="off"
            class="crayons-textfield crayons-textfield--ghost ff-accent crayons-article-form__tags"
            id="tag-input"
            name="listing[tag_list]"
            onBlur={[Function]}
            onFocus={[Function]}
            onInput={[Function]}
            onKeyDown={[Function]}
            placeholder="Add up to 4 tags..."
            ref={[Function]}
            type="text"
            value=""
          />
        </div>
      </div>
    </div>
    <div
      class="crayons-article-form__body"
    >
      <div
        class="crayons-article-form__toolbar false"
      >
        <div
          class="flex items-center"
        >
          <button
            class="crayons-btn crayons-btn--ghost crayons-btn--icon-left mr-2 fw-normal"
            disabled={false}
            tabIndex="-1"
            type="button"
          >
            <svg
              aria-labelledby="a17qec5pfhrwzk9w4kg0tp62v27qqu9t"
              class="crayons-icon"
              height="24"
              role="img"
              viewBox="0 0 24 24"
              width="24"
              xmlns="http://www.w3.org/2000/svg"
            >
              <title
                id="a17qec5pfhrwzk9w4kg0tp62v27qqu9t"
              >
                Upload image
              </title>
              <path
                d="M20 5H4v14l9.292-9.294a1 1 0 011.414 0L20 15.01V5zM2 3.993A1 1 0 012.992 3h18.016c.548 0 .992.445.992.993v16.014a1 1 0 01-.992.993H2.992A.993.993 0 012 20.007V3.993zM8 11a2 2 0 110-4 2 2 0 010 4z"
              />
            </svg>
            Upload image
            <input
              accept="image/*"
              class="w-100 h-100 absolute left-0 right-0 top-0 bottom-0 overflow-hidden opacity-0 cursor-pointer"
              data-max-file-size-mb="25"
              id="image-upload-field"
              multiple={true}
              onChange={[Function]}
              tabIndex="-1"
              type="file"
            />
          </button>
        </div>
      </div>
      <textarea
        class="crayons-textfield crayons-textfield--ghost crayons-article-form__body__field"
        id="article_body_markdown"
        name="body_markdown"
        onChange={[Function]}
        onFocus={[Function]}
        onInput={[Function]}
        placeholder="Write your post content here..."
        ref={[Function]}
        style={
          Object {
            "height": 0,
          }
        }
        value=""
      />
    </div>
  </div>
  <div
    class="crayons-article-form__aside"
  >
    <div
      class="sticky"
      style={
        Object {
          "top": null,
        }
      }
    />
  </div>
  <div
    class="crayons-article-form__footer"
  >
    <button
      class="crayons-btn mr-2 whitespace-nowrap"
      disabled={false}
      onClick={[Function]}
      type="button"
    >
      Publish
    </button>
    <button
      class="crayons-btn crayons-btn--secondary mr-2 whitespace-nowrap"
      disabled={false}
      onClick={[Function]}
      type="button"
    >
      Save 
      <span
        class="hidden s:inline"
      >
        draft
      </span>
    </button>
    <div
      class="s:relative"
    >
      <button
        class="crayons-btn crayons-btn--ghost crayons-btn--icon"
        disabled={false}
        onClick={[Function]}
        title="Post options"
        type="button"
      >
        <svg
          aria-labelledby="75abcb76478519ca4eb9"
          class="crayons-icon"
          height="24"
          role="img"
          viewBox="0 0 24 24"
          width="24"
          xmlns="http://www.w3.org/2000/svg"
        >
          <title
            id="75abcb76478519ca4eb9"
          >
            Post options
          </title>
          <path
            d="M12 1l9.5 5.5v11L12 23l-9.5-5.5v-11L12 1zm0 2.311L4.5 7.653v8.694l7.5 4.342 7.5-4.342V7.653L12 3.311zM12 16a4 4 0 110-8 4 4 0 010 8zm0-2a2 2 0 100-4 2 2 0 000 4z"
          />
        </svg>
      </button>
    </div>
  </div>
</form>
`;
