// Jest Snapshot v1, https://goo.gl/fbAQLP

exports[`<ArticleForm /> renders properly 1`] = `
<form
  class="articleform__form articleform__form--v2"
  onInput={[Function]}
>
  <div>
    <div>
      <textarea
        autoComplete="off"
        class="articleform__title"
        id="article-form-title"
        onChange={[Function]}
        onInput={[Function]}
        onKeyDown={[Function]}
        placeholder="Title"
        ref={[Function]}
        style={
          Object {
            "height": 0,
          }
        }
        type="text"
        value=""
      />
      <div
        class="articleform__detailfields"
      >
        <div
          class="articleform__tagswrapper"
        >
          <textarea
            class="articleform__tags"
            id="tag-input"
            onBlur={[Function]}
            onFocus={[Function]}
            onInput={[Function]}
            onKeyDown={[Function]}
            placeholder="tags"
            ref={[Function]}
            type="text"
            value=""
          />
        </div>
        <button
          class="articleform__detailsButton articleform__detailsButton--image"
          onClick={[Function]}
          type="button"
        >
          <img
            alt="Upload an image"
            src=""
          />
        </button>
        <button
          class="articleform__detailsButton articleform__detailsButton--moreconfig"
          onClick={[Function]}
          type="button"
        >
          <img
            alt="Menu"
            src=""
          />
        </button>
      </div>
    </div>
    <textarea
      class="articleform__body"
      id="article_body_markdown"
      name="body_markdown"
      onChange={[Function]}
      onInput={[Function]}
      placeholder="Body Markdown"
      ref={[Function]}
      style={
        Object {
          "height": 0,
        }
      }
      value=""
    />
    <button
      class="articleform__detailsButton articleform__detailsButton--image articleform__detailsButton--bottom"
      onClick={[Function]}
      type="button"
    >
      <img
        alt="upload images"
        src=""
      />
       IMAGES
    </button>
    <button
      class="articleform__detailsButton articleform__detailsButton--moreconfig articleform__detailsButton--bottom"
      onClick={[Function]}
      type="button"
    >
      <img
        alt="menu dots"
        src=""
      />
    </button>
  </div>
  <div
    class="articleform__buttons"
  >
    <button
      class="articleform__buttons--small inactive"
      onClick={[Function]}
      type="button"
    >
      ?
    </button>
    <button
      class="inactive"
      onClick={[Function]}
      type="button"
    >
      PREVIEW
    </button>
    <button
      onClick={[Function]}
      type="button"
    >
      SAVE DRAFT
    </button>
    <span>
      <p
        style={
          Object {
            "visibility": "hidden",
          }
        }
      >
        New Changes (
        <button
          class="clear-button"
          onClick={[Function]}
          type="button"
        >
          clear
        </button>
        )
      </p>
      <button
        class="articleform__buttons--publish"
        onClick={[Function]}
        type="button"
      >
        PUBLISH
      </button>
    </span>
  </div>
</form>
`;
