// Jest Snapshot v1, https://goo.gl/fbAQLP

exports[`<OnboardingFollowTags /> renders properly when given a tag 1`] = `
<div
  class="tags-slide"
>
  <p>
    <strong
      class="yellow"
    >
      What topics are you interested in?
    </strong>
     Here are a few tags to follow (There are plenty more you can choose from at any time)
  </p>
  <div
    class="tags-col-container"
  >
    <div
      class="onboarding-tag-container"
      id="onboarding-tag-container-discuss"
      style="background: #000000"
    >
      <a
        class="onboarding-tag-link"
        href="#"
        onClick={[Function]}
        style="color:#ffffff"
      >
        discuss
      </a>
      <a
        class="onboarding-tag-link-follow"
        href="#"
        id="onboarding-tag-link-follow-discuss"
        onClick={[Function]}
      >
        +
      </a>
    </div>
    <div
      class="onboarding-tag-container"
      id="onboarding-tag-container-javascript"
      style="background: #f7df1e"
    >
      <a
        class="onboarding-tag-link"
        href="#"
        onClick={[Function]}
        style="color:#000000"
      >
        javascript
      </a>
      <a
        class="onboarding-tag-link-follow"
        href="#"
        id="onboarding-tag-link-follow-javascript"
        onClick={[Function]}
      >
        +
      </a>
    </div>
    <div
      class="onboarding-tag-container"
      id="onboarding-tag-container-javascript"
      style="background: #f7df1e"
    >
      <a
        class="onboarding-tag-link"
        href="#"
        onClick={[Function]}
        style="color:#000000"
      >
        javascript
      </a>
      <a
        class="onboarding-tag-link-follow"
        href="#"
        id="onboarding-tag-link-follow-javascript"
        onClick={[Function]}
      >
        +
      </a>
    </div>
  </div>
</div>
`;
