// Jest Snapshot v1, https://goo.gl/fbAQLP

exports[`<Message /> should render and test snapshot 1`] = `
<div
  class="activechatchannel__activeArticle activesendrequest"
>
  <div
    class="joining-message"
  >
    <h2>
      Hey Sarthak !
    </h2>
    <h3>
      You are not a member of this group yet. Send request to join.
    </h3>
  </div>
  <div
    class="user-picture"
  >
    <div
      class="chatmessage__profilepic"
    >
      <img
        alt="undefined profile"
        class="chatmessagebody__profileimage"
        role="presentation"
      />
      <img
        alt="IronMan profile"
        class="chatmessagebody__profileimage"
        role="presentation"
        src="/assets/organization.svg"
      />
    </div>
  </div>
  <div
    class="send-request"
  >
    <button
      class="cta"
      type="button"
    >
       Join IronMan 
    </button>
  </div>
</div>
`;
