// Jest Snapshot v1, https://goo.gl/fbAQLP

exports[`<ChannelDescriptionSection /> should render and test snapshot 1`] = `
<div
  class="p-4 grid gap-2 crayons-card mb-4 channel_details"
>
  <h1
    class="mb-1 channel_title"
  >
    some name
  </h1>
  <p>
    some description
  </p>
  <p
    class="fw-bold"
  >
    You are a channel mod
  </p>
</div>
`;
