// Jest Snapshot v1, https://goo.gl/fbAQLP

exports[`<Compose /> behavior with message should render and test snapshot 1`] = `
<div
  class="compose__outer__container"
>
  <div
    class="messagecomposer"
  >
    <textarea
      class="crayons-textfield composer-textarea"
      id="messageform"
      maxLength="1000"
      onKeyDown={[Function]}
      placeholder="Write message..."
    />
    <button
      class="crayons-btn composer-submit"
      onClick={[Function]}
      type="button"
    >
      Send
    </button>
  </div>
</div>
`;
