// Jest Snapshot v1, https://goo.gl/fbAQLP

exports[`<InviteForm /> should render the test snapshot 1`] = `
<div
  class="crayons-card p-4 grid gap-2 mb-4"
>
  <div
    class="crayons-field"
  >
    <label
      class="crayons-field__label invitation_form_title"
      htmlFor="chat_channel_membership_Usernames to Invite"
    >
      Usernames to invite
    </label>
    <input
      class="crayons-textfield"
      id="chat_channel_membership_invitation_usernames"
      name="chat_channel_membership[invitation_usernames]"
      placeholder="Comma separated"
      type="text"
      value=""
    />
  </div>
  <div>
    <button
      class="crayons-btn"
      type="submit"
    >
      Submit
    </button>
  </div>
</div>
`;
