// Jest Snapshot v1, https://goo.gl/fbAQLP

exports[`<LeaveMembershipSection /> should render and test snapshot 1`] = `
<div
  class="crayons-card p-4 grid gap-2 mb-4 leave_membership_section"
>
  <h3>
    Danger Zone
  </h3>
  <div>
    <button
      class="crayons-btn crayons-btn--danger leave_button"
      type="submit"
    >
      Leave Channel
    </button>
  </div>
</div>
`;
