// Jest Snapshot v1, https://goo.gl/fbAQLP

exports[`<ManageActiveMembership /> should render & test snapshot 1`] = `
<div
  class="pt-3"
>
  <div
    class="p-4 grid gap-2 crayons-card my-4 mx-auto membership-manager"
  >
    <h2
      class="text-title"
    >
      Chat Channel Membership manager
    </h2>
  </div>
  <div
    class="p-4 grid gap-2 crayons-card my-4"
  >
    <input
      class="crayons-textfield"
      name="search-members"
      onKeyUp={[Function]}
      placeholder="Search Member..."
      type="text"
      value={null}
    />
    <div
      class="chat_channel-member-list"
      data-offset="5"
      data-spy="scroll"
    >
      <div
        class="membership-section"
      >
        <div
          class="flex items-center my-3 member-list-item justify-content-between"
        >
          <div
            class="w-100"
          >
            <a
              class="chatmessagebody__username--link"
              data-content="sidecar-user"
              href="/testusername"
              rel="noopener noreferrer"
              target="_blank"
            >
              <span
                class="crayons-avatar crayons-avatar--l mr-3"
              >
                <img
                  alt="test user profile"
                  class="crayons-avatar__image align-middle"
                  role="presentation"
                  src=""
                />
              </span>
              <span
                class="mr-2 user_name"
              >
                test user
              </span>
              <span>
                <img
                  alt="admin emoji"
                  class="admin-emoji"
                  data-content="admin emoji"
                  src=""
                  title="MOD"
                />
              </span>
            </a>
          </div>
          <div
            class="flex-shrink-1"
          >
            <div
              class="membership-actions"
            >
              <span
                class="membership-management__dropdown-button"
              >
                <img
                  alt="channel config"
                  class="w-25"
                  data-content="drop-down-image"
                  src=""
                />
              </span>
              <div
                class="membership-management__dropdown-memu"
              >
                <button
                  class="crayons-btn crayons-btn--ghost remove-membership p-2"
                  data-membership-id="2"
                  data-role="member"
                  type="button"
                >
                  Add as Member
                </button>
              </div>
            </div>
          </div>
        </div>
      </div>
    </div>
  </div>
  <div
    class="p-4 grid gap-2 crayons-card my-4 invitation-section"
  >
    <h3
      class="text-center title"
    >
      Invitation Link
    </h3>
    <clipboard-copy
      aria-controls="image-markdown-copy-link-announcer"
      aria-live="polite"
      class="flex items-center flex-1"
      for="chat-channel-unviation-url"
      onClick={[Function]}
    >
      <input
        class="crayons-textfield mr-2"
        id="chat-channel-unviation-url"
        readOnly="true"
        type="text"
        value="https://dummy.com"
      />
      <button
        class="crayons-btn crayons-btn--ghost crayons-btn--icon spec__image-markdown-copy"
        disabled={false}
        type="button"
      >
        <svg
          aria-labelledby="fc5f15add1e114844f5e"
          class="crayons-icon copy-icon"
          height="24"
          role="img"
          viewBox="0 0 24 24"
          width="24"
          xmlns="http://www.w3.org/2000/svg"
        >
          <title
            id="fc5f15add1e114844f5e"
          >
            Copy Markdown for image
          </title>
          <path
            d="M7 6V3a1 1 0 011-1h12a1 1 0 011 1v14a1 1 0 01-1 1h-3v3c0 .552-.45 1-1.007 1H4.007A1 1 0 013 21l.003-14c0-.552.45-1 1.007-1H7zm2 0h8v10h2V4H9v2zm-2 5v2h6v-2H7zm0 4v2h6v-2H7z"
          />
        </svg>
      </button>
      <span
        class="fs-s opacity-0"
        id="image-markdown-copy-link-announcer"
        role="alert"
      >
        Copied!
      </span>
    </clipboard-copy>
  </div>
</div>
`;
