// Jest Snapshot v1, https://goo.gl/fbAQLP

exports[`<ChannelDescriptionSection /> should render and test snapshot 1`] = `
<div
  class="crayons-card grid gap-2 p-4 faq-section"
>
  <p
    class="contact-details"
  >
    Questions about Connect Channel moderation? Contact
    <a
      class="mx-2 url-link"
      href="mailto:yo@dev.to"
      rel="noopener noreferrer"
      target="_blank"
    >
      yo@dev.to
    </a>
  </p>
</div>
`;
