// Jest Snapshot v1, https://goo.gl/fbAQLP

exports[`<PersonalSettng /> should render and test snapshot 1`] = `
<div
  class="crayons-card p-4 grid gap-2 mb-4 personl-settings"
>
  <h3>
    Personal Settings
  </h3>
  <h4>
    Notifications
  </h4>
  <div
    class="crayons-field crayons-field--checkbox"
  >
    <input
      checked={true}
      class="crayons-checkbox"
      id="c3"
      type="checkbox"
    />
    <label
      class="crayons-field__label"
      htmlFor="c3"
    >
      Receive Notifications for New Messages
    </label>
  </div>
  <div>
    <button
      class="crayons-btn"
      type="submit"
    >
      Submit
    </button>
  </div>
</div>
`;
