// Jest Snapshot v1, https://goo.gl/fbAQLP

exports[`<RequestManager /> should render and test snapshot 1`] = `
<div
  class="activechatchannel__activeArticle activesendrequest"
>
  <div
    class="request_manager_header crayons-card mb-6 grid grid-flow-row gap-6 p-6"
  >
    <h1>
      Joining Request
    </h1>
    <h3>
      Manage request comming to all the channels
    </h3>
    <div
      class="crayons-field"
    >
      <h1>
        ironman
      </h1>
      <div
        class="request-card"
      >
        <p />
        <div
          class="action"
        >
          <button
            class="crayons-btn  crayons-btn--s crayons-btn--danger"
            data-channel-id={2}
            type="button"
          >
             Reject
          </button>
          <button
            class="crayons-btn crayons-btn--s"
            data-channel-id={2}
            type="button"
          >
             Accept
          </button>
        </div>
      </div>
    </div>
  </div>
</div>
`;
