// Jest Snapshot v1, https://goo.gl/fbAQLP

exports[`<Video /> should render properly and test snapshot 1`] = `
<div
  class="chat__videocall"
  draggable="true"
  id="chat__videocall"
  onDrag={[Function]}
  style={
    Object {
      "left": "170.66666666666666px",
      "top": "76.8px",
    }
  }
>
  <div
    class="chat__remotevideoscreen-0"
    id="videoremotescreen"
  />
  <div
    class="chat__localvideoscren"
    id="videolocalscreen"
  />
  <button
    class="chat__videocallexitbutton"
    onClick={[Function]}
  >
    ×
  </button>
  <button
    class="chat__videocallcontrolbutton"
    onClick={[Function]}
  >
    UnMute
  </button>
  <button
    class="chat__videocallcontrolbutton chat__videocallcontrolbutton--videoonoff"
    onClick={[Function]}
  >
    Turn On Video
  </button>
</div>
`;
