// Jest Snapshot v1, https://goo.gl/fbAQLP

exports[`<AllListings /> Should render all listings 1`] = `
<div
  class="classifieds-columns"
  id="classified-listings-results"
>
  <div
    class="single-classified-listing"
    id="single-classified-listing-20"
  >
    <div
      class="listing-content"
    >
      <h3
        class="single-classified-listing-header"
      >
        <a
          data-listing-id={20}
          data-no-instant={true}
          href="/listings/misc/illo-iure-quos-htyashsayas-5hk7"
          onClick={[Function]}
        >
          Mentor wanted
        </a>
        <div
          class="dropdown-menu"
          ref={Object {}}
        >
          <button
            aria-label="Toggle dropdown menu"
            class="dropdown-btn"
            onClick={[Function]}
            type="button"
          >
            <img
              alt="Dropdown menu icon"
              class="dropdown-icon"
              src=""
            />
          </button>
          <div
            class="dropdown"
          >
            <div
              class="dropdown-content "
            >
              <a
                class="classified-listing-edit-button"
                href="/listings/20/edit"
              >
                Edit
              </a>
            </div>
          </div>
        </div>
      </h3>
      <div
        class="single-classified-listing-body"
        dangerouslySetInnerHTML={
          Object {
            "__html": "<p>Eius et ullam. Dolores et qui. Quis <strong>qui</strong> omnis.</p>
",
          }
        }
      />
      <div
        class="single-classified-listing-tags"
      >
        <a
          data-no-instant={true}
          href="/listings?t=go"
          onClick={[Function]}
        >
          go
        </a>
        <a
          data-no-instant={true}
          href="/listings?t=git"
          onClick={[Function]}
        >
          git
        </a>
      </div>
      <div
        class="single-classified-listing-author-info"
      >
        <a
          data-no-instant={true}
          href="/listings/misc"
          onClick={[Function]}
        >
          misc
        </a>
        <a
          href="/listings/?q=West Refugio"
        >
          ・West Refugio
        </a>
        ・
        <a
          href="/mrschristiansenyoko"
        >
          Mrs. Yoko Christiansen
        </a>
      </div>
    </div>
  </div>
  <div
    class="single-classified-listing"
    id="single-classified-listing-21"
  >
    <div
      class="listing-content"
    >
      <h3
        class="single-classified-listing-header"
      >
        <a
          data-listing-id={21}
          data-no-instant={true}
          href="/listings/misc/illo-iure-quos-ereerr-5hk7"
          onClick={[Function]}
        >
          Second tag.
        </a>
        <div
          class="dropdown-menu"
          ref={Object {}}
        >
          <button
            aria-label="Toggle dropdown menu"
            class="dropdown-btn"
            onClick={[Function]}
            type="button"
          >
            <img
              alt="Dropdown menu icon"
              class="dropdown-icon"
              src=""
            />
          </button>
          <div
            class="dropdown"
          >
            <div
              class="dropdown-content "
            >
              <a
                class="classified-listing-edit-button"
                href="/listings/21/edit"
              >
                Edit
              </a>
            </div>
          </div>
        </div>
      </h3>
      <div
        class="single-classified-listing-body"
        dangerouslySetInnerHTML={
          Object {
            "__html": "<p>Eius et ullam. Dolores et qui. Quis <strong>qui</strong> omnis.</p>
",
          }
        }
      />
      <div
        class="single-classified-listing-tags"
      >
        <a
          data-no-instant={true}
          href="/listings?t=functional"
          onClick={[Function]}
        >
          functional
        </a>
        <a
          data-no-instant={true}
          href="/listings?t=clojure"
          onClick={[Function]}
        >
          clojure
        </a>
      </div>
      <div
        class="single-classified-listing-author-info"
      >
        <a
          data-no-instant={true}
          href="/listings/misc"
          onClick={[Function]}
        >
          misc
        </a>
        <a
          href="/listings/?q=West Refugio"
        >
          ・West Refugio
        </a>
        ・
        <a
          href="/mrschristiansenyoko"
        >
          Mrs. Ashahir
        </a>
      </div>
    </div>
  </div>
  <div
    class="single-classified-listing"
    id="single-classified-listing-22"
  >
    <div
      class="listing-content"
    >
      <h3
        class="single-classified-listing-header"
      >
        <a
          data-listing-id={22}
          data-no-instant={true}
          href="/listings/misc/illo-iure-fss-ssasas-5hk7"
          onClick={[Function]}
        >
          Illo iure quos perspiciatis.
        </a>
        <div
          class="dropdown-menu"
          ref={Object {}}
        >
          <button
            aria-label="Toggle dropdown menu"
            class="dropdown-btn"
            onClick={[Function]}
            type="button"
          >
            <img
              alt="Dropdown menu icon"
              class="dropdown-icon"
              src=""
            />
          </button>
          <div
            class="dropdown"
          >
            <div
              class="dropdown-content "
            >
              <a
                class="classified-listing-edit-button"
                href="/listings/22/edit"
              >
                Edit
              </a>
            </div>
          </div>
        </div>
      </h3>
      <div
        class="single-classified-listing-body"
        dangerouslySetInnerHTML={
          Object {
            "__html": "<p>Eius et ullam. Dolores et qui. Quis <strong>qui</strong> omnis.</p>
",
          }
        }
      />
      <div
        class="single-classified-listing-tags"
      >
        <a
          data-no-instant={true}
          href="/listings?t=twitter"
          onClick={[Function]}
        >
          twitter
        </a>
        <a
          data-no-instant={true}
          href="/listings?t=learning"
          onClick={[Function]}
        >
          learning
        </a>
      </div>
      <div
        class="single-classified-listing-author-info"
      >
        <a
          data-no-instant={true}
          href="/listings/misc"
          onClick={[Function]}
        >
          misc
        </a>
        <a
          href="/listings/?q=West Refugio"
        >
          ・West Refugio
        </a>
        ・
        <a
          href="/mrschristiansenyoko"
        >
          Mrs. John Mack
        </a>
      </div>
    </div>
  </div>
</div>
`;
