// Jest Snapshot v1, https://goo.gl/fbAQLP

exports[`<ListingFilters /> Should match the snapshot 1`] = `
<div
  class="listing-filters"
  id="listing-filters"
>
  <div
    class="listing-filters-categories"
  >
    <a
      data-no-instant={true}
      href="/listings"
      id="listings-link"
      onClick={[Function]}
    >
      all
    </a>
    <section>
      <a
        class="selected"
        data-no-instant={true}
        href="/listings/clojure"
        id="category-link-clojure"
        onClick={[Function]}
      >
        Clojure
      </a>
      <a
        data-no-instant={true}
        href="/listings/illa-iara-ques-htyashsayas-6kj8"
        id="category-link-illa-iara-ques-htyashsayas-6kj8"
        onClick={[Function]}
      >
        Go
      </a>
      <a
        data-no-instant={true}
        href="/listings/alle-bece-tzehj-htyashsayas-7jh9"
        id="category-link-alle-bece-tzehj-htyashsayas-7jh9"
        onClick={[Function]}
      >
        csharp
      </a>
    </section>
    <a
      class="listing-create-link"
      href="/listings/new"
      id="listings-new-link"
    >
      Create a Listing
    </a>
    <a
      class="listing-create-link"
      href="/listings/dashboard"
      id="listings-dashboard-link"
    >
      Manage Listings
    </a>
  </div>
  <div
    class="listing-filters-tags"
    id="listing-filters-tags"
  >
    <input
      autoComplete="off"
      defaultValue="some message"
      id="listings-search"
      onKeyUp={[Function]}
      placeholder="search"
      type="text"
    />
    <button
      class="listing-search-clear"
      id="clear-query-button"
      onClick={[Function]}
      type="button"
    >
      ×
    </button>
    <section>
      <span
        class="listing-tag"
        id="selected-tag-clojure"
      >
        <a
          class="tag-name"
          data-no-instant={true}
          href="/listings?t=clojure"
        >
          <span
            role="button"
            tabIndex="0"
          >
            clojure
          </span>
          <span
            onClick={[Function]}
            onKeyPress={[Function]}
            role="button"
            tabIndex="0"
          >
            ×
          </span>
        </a>
      </span>
      <span
        class="listing-tag"
        id="selected-tag-java"
      >
        <a
          class="tag-name"
          data-no-instant={true}
          href="/listings?t=java"
        >
          <span
            role="button"
            tabIndex="0"
          >
            java
          </span>
          <span
            onClick={[Function]}
            onKeyPress={[Function]}
            role="button"
            tabIndex="0"
          >
            ×
          </span>
        </a>
      </span>
      <span
        class="listing-tag"
        id="selected-tag-dotnet"
      >
        <a
          class="tag-name"
          data-no-instant={true}
          href="/listings?t=dotnet"
        >
          <span
            role="button"
            tabIndex="0"
          >
            dotnet
          </span>
          <span
            onClick={[Function]}
            onKeyPress={[Function]}
            role="button"
            tabIndex="0"
          >
            ×
          </span>
        </a>
      </span>
    </section>
  </div>
</div>
`;
