// Jest Snapshot v1, https://goo.gl/fbAQLP

exports[`<SelectedTags /> Should render all the tags 1`] = `
<section>
  <span
    class="listing-tag"
    id="selected-tag-clojure"
  >
    <a
      class="tag-name"
      data-no-instant={true}
      href="/listings?t=clojure"
    >
      <span
        role="button"
        tabIndex="0"
      >
        clojure
      </span>
      <span
        onClick={[Function]}
        onKeyPress={[Function]}
        role="button"
        tabIndex="0"
      >
        ×
      </span>
    </a>
  </span>
  <span
    class="listing-tag"
    id="selected-tag-java"
  >
    <a
      class="tag-name"
      data-no-instant={true}
      href="/listings?t=java"
    >
      <span
        role="button"
        tabIndex="0"
      >
        java
      </span>
      <span
        onClick={[Function]}
        onKeyPress={[Function]}
        role="button"
        tabIndex="0"
      >
        ×
      </span>
    </a>
  </span>
  <span
    class="listing-tag"
    id="selected-tag-dotnet"
  >
    <a
      class="tag-name"
      data-no-instant={true}
      href="/listings?t=dotnet"
    >
      <span
        role="button"
        tabIndex="0"
      >
        dotnet
      </span>
      <span
        onClick={[Function]}
        onKeyPress={[Function]}
        role="button"
        tabIndex="0"
      >
        ×
      </span>
    </a>
  </span>
</section>
`;
