// Jest Snapshot v1, https://goo.gl/fbAQLP

exports[`<MultiInput /> renders default UI 1`] = `"<span aria-hidden=\\"true\\" class=\\"absolute pointer-events-none opacity-0 p-2\\"></span><label id=\\"multi-select-label\\" class=\\"\\">Example label</label><div class=\\"screen-reader-only\\"><p>Selected items:</p><ul class=\\"screen-reader-only list-none\\" aria-live=\\"assertive\\" aria-atomic=\\"false\\" aria-relevant=\\"additions removals\\"></ul></div><div class=\\"c-input--multi relative\\"><div class=\\"c-input--multi__wrapper-border crayons-textfield flex items-center cursor-text pb-9\\"><ul class=\\"list-none flex flex-wrap w-100\\"><li class=\\"self-center\\" style=\\"order: 1;\\"><input autocomplete=\\"off\\" class=\\"c-input--multi__input\\" type=\\"text\\" aria-labelledby=\\"multi-select-label\\" placeholder=\\"Add an email address...\\"></li></ul></div></div>"`;
