// Jest Snapshot v1, https://goo.gl/fbAQLP

exports[`<LoadingArticle /> should render 1`] = `
<div
  class="crayons-story"
>
  <div
    class="crayons-story__body"
  >
    <div
      class="crayons-story__top mb-3"
    >
      <div
        class="crayons-story__meta w-100"
      >
        <div
          class="crayons-scaffold-loading mr-2 w-0 h-0 p-4 radius-full"
        />
        <div
          class="crayons-scaffold-loading w-25 h-0 py-2"
        />
      </div>
    </div>
    <div
      class="crayons-story__indention"
    >
      <div
        class="crayons-scaffold-loading w-75 h-0 py-3 mb-2"
      />
      <div
        class="crayons-scaffold-loading w-50 h-0 py-2 mb-8"
      />
    </div>
  </div>
</div>
`;
