// Jest Snapshot v1, https://goo.gl/fbAQLP

exports[`<GithubRepos /> when there are no repos loaded yet should render and match the snapshot 1`] = `
<div
  class="github-repos loading-repos"
/>
`;

exports[`<GithubRepos /> when there was an error in the response renders and matches the snapshot 1`] = `
preact-render-spy (1 nodes)
-------
<div class="github-repos github-repos-errored">An error occurred: this is an error</div>

`;
